Microchip MPLAB XC8 Compiler V3.10

Linker command line:

-W-3 \
  --edf=C:/Users/Moata/.mchp_packs/Microchip/PIC18F-K_DFP/1.17.312/xc8\pic\dat\20260902222310_en.msgs \
  -cn -h+dist/default/debug\Smart_Home_V2.X.debug.sym \
  --cmf=dist/default/debug\Smart_Home_V2.X.debug.cmf -z -Q18F46K20 \
  -oC:\Users\Moata\AppData\Local\Temp\xcAs1o8.0\driver_tmp_3.o \
  --defsym=__MPLAB_BUILD=1 --fixupoverflow=error \
  -Mdist/default/debug/Smart_Home_V2.X.debug.map \
  --md=C:\Users\Moata\AppData\Local\Temp\xcAs1o8.0\driver_tmp_0.dat -E1 \
  -ver=XC8 Compiler -ACODE=00h-0FFFFh -ACONST=00h-0FFFFh \
  -ASMALLCONST=01000h-010FFhx240 -AMEDIUMCONST=01000h-0FFFFh \
  -ACOMRAM=01h-05Fh -AABS1=00h-0F5Fh -ABIGRAM=01h-0F5Fh \
  -ARAM=060h-0FFh,0100h-01FFhx14,0F00h-0F5Fh -ABANK0=060h-0FFh \
  -ABANK1=0100h-01FFh -ABANK2=0200h-02FFh -ABANK3=0300h-03FFh \
  -ABANK4=0400h-04FFh -ABANK5=0500h-05FFh -ABANK6=0600h-06FFh \
  -ABANK7=0700h-07FFh -ABANK8=0800h-08FFh -ABANK9=0900h-09FFh \
  -ABANK10=0A00h-0AFFh -ABANK11=0B00h-0BFFh -ABANK12=0C00h-0CFFh \
  -ABANK13=0D00h-0DFFh -ABANK14=0E00h-0EFFh -ABANK15=0F00h-0F5Fh \
  -ASFR=0F60h-0FFFh -ABIGSFR=0F60h-0FFFh -ACONFIG=0300000h-030000Dh \
  -AIDLOC=0200000h-0200007h -AEEDATA=0F00000h-0F003FFh -peeprom_data=EEDATA \
  -preset_vec=00h,intcode=8h,intcodelo=18h,sivt_lo,sivt_hi=CODE \
  -ppowerup=CODE,init -pramtop=01000h -psmallconst=SMALLCONST \
  -pmediumconst=MEDIUMCONST -pconst=CONST -AFARRAM=00h-00h \
  -prdata=COMRAM,nvrram=COMRAM,nvbit=COMRAM,rbss=COMRAM,rbit=COMRAM \
  -pfarbss=FARRAM,fardata=FARRAM,nvFARRAM=FARRAM \
  -pintsave_regs=BIGRAM,bigbss=BIGRAM,bigdata=BIGRAM -pbss=RAM \
  -pidata=CODE,irdata=CODE,ibigdata=CODE,ifardata=CODE -prparam=COMRAM \
  C:\Users\Moata\AppData\Local\Temp\xcAs1o8.0\driver_tmp_9.o \
  dist/default/debug\Smart_Home_V2.X.debug.o 

Object code version is 3.11

Machine type is 18F46K20



                Name                               Link     Load   Length Selector   Space Scale
C:\Users\Moata\AppData\Local\Temp\xcAs1o8.0\driver_tmp_9.o
                config                           300000   300000        E        0       4
                init                                 CC       CC        4        4       0
                reset_vec                             0        0        4        0       0
dist/default/debug\Smart_Home_V2.X.debug.o
                intcode                               8        8       C4        4       0
                config                           300000   300000        E        0       4
                smallconst                         1000     1000       30      800       0
                text43                             15D2     15D2       18      818       0
                text42                             120A     120A       52      818       0
                text41                             168C     168C        6      818       0
                text40                             1650     1650        A      818       0
                text39                             1672     1672        8      818       0
                text38                             11A6     11A6       64      818       0
                text37                             1646     1646        A      818       0
                text36                             163C     163C        A      818       0
                text35                             1632     1632        A      818       0
                text34                             1628     1628        A      818       0
                text33                             125C     125C       46      818       0
                text32                             1686     1686        6      818       0
                text31                             1030     1030       A0      818       0
                text30                             1680     1680        6      818       0
                text29                             169A     169A        4      818       0
                text27                             155A     155A       26      818       0
                text26                             166A     166A        8      818       0
                text25                             10D0     10D0       72      818       0
                text24                             1142     1142       64      818       0
                text23                             1696     1696        4      818       0
                text22                             1662     1662        8      818       0
                text21                             12E6     12E6       44      818       0
                text20                             1470     1470       36      818       0
                text19                             143A     143A       36      818       0
                text18                             1404     1404       36      818       0
                text17                             13CE     13CE       36      818       0
                text16                             1398     1398       36      818       0
                text15                             1362     1362       36      818       0
                text14                             132A     132A       38      818       0
                text13                             165A     165A        8      818       0
                text12                             159C     159C       1C      818       0
                text11                             1580     1580       1C      818       0
                text10                             14DA     14DA       34      818       0
                text9                              15EA     15EA       16      818       0
                text8                              161E     161E        A      818       0
                text7                              1614     1614        A      818       0
                text6                              160A     160A        A      818       0
                text5                              14A6     14A6       34      818       0
                text4                              1692     1692        4      818       0
                text3                              1600     1600        A      818       0
                text2                              1534     1534       26      818       0
                text1                              15B8     15B8       1A      818       0
                text0                              150E     150E       26      818       0
                cstackCOMRAM                         3B       3B       1C        2       1
                bssBANK0                             60       60        6       60       1
                dataCOMRAM                           57       57        6        2       1
                bssCOMRAM                             2        2       39        2       1
                cinit                              12A2     12A2       44      818       0
                idataCOMRAM                        167A     167A        6      818       0

TOTAL           Name                               Link     Load   Length     Space
        CLASS   CODE           
                intcode                               8        8       C4         0
                init                                 CC       CC        4         0
                reset_vec                             0        0        4         0
                text43                             15D2     15D2       18         0
                text42                             120A     120A       52         0
                text41                             168C     168C        6         0
                text40                             1650     1650        A         0
                text39                             1672     1672        8         0
                text38                             11A6     11A6       64         0
                text37                             1646     1646        A         0
                text36                             163C     163C        A         0
                text35                             1632     1632        A         0
                text34                             1628     1628        A         0
                text33                             125C     125C       46         0
                text32                             1686     1686        6         0
                text31                             1030     1030       A0         0
                text30                             1680     1680        6         0
                text29                             169A     169A        4         0
                text27                             155A     155A       26         0
                text26                             166A     166A        8         0
                text25                             10D0     10D0       72         0
                text24                             1142     1142       64         0
                text23                             1696     1696        4         0
                text22                             1662     1662        8         0
                text21                             12E6     12E6       44         0
                text20                             1470     1470       36         0
                text19                             143A     143A       36         0
                text18                             1404     1404       36         0
                text17                             13CE     13CE       36         0
                text16                             1398     1398       36         0
                text15                             1362     1362       36         0
                text14                             132A     132A       38         0
                text13                             165A     165A        8         0
                text12                             159C     159C       1C         0
                text11                             1580     1580       1C         0
                text10                             14DA     14DA       34         0
                text9                              15EA     15EA       16         0
                text8                              161E     161E        A         0
                text7                              1614     1614        A         0
                text6                              160A     160A        A         0
                text5                              14A6     14A6       34         0
                text4                              1692     1692        4         0
                text3                              1600     1600        A         0
                text2                              1534     1534       26         0
                text1                              15B8     15B8       1A         0
                text0                              150E     150E       26         0
                cinit                              12A2     12A2       44         0
                idataCOMRAM                        167A     167A        6         0

        CLASS   CONST          

        CLASS   SMALLCONST     
                smallconst                         1000     1000       30         0

        CLASS   MEDIUMCONST    

        CLASS   COMRAM         
                cstackCOMRAM                         3B       3B       1C         1
                dataCOMRAM                           57       57        6         1
                bssCOMRAM                             2        2       39         1

        CLASS   ABS1           
                abs_s1                                1        1        1         1

        CLASS   BIGRAM         

        CLASS   RAM            

        CLASS   BANK0          
                bssBANK0                             60       60        6         1

        CLASS   BANK1          

        CLASS   BANK2          

        CLASS   BANK3          

        CLASS   BANK4          

        CLASS   BANK5          

        CLASS   BANK6          

        CLASS   BANK7          

        CLASS   BANK8          

        CLASS   BANK9          

        CLASS   BANK10         

        CLASS   BANK11         

        CLASS   BANK12         

        CLASS   BANK13         

        CLASS   BANK14         

        CLASS   BANK15         

        CLASS   SFR            

        CLASS   BIGSFR         

        CLASS   CONFIG         
                config                           300000   300000        E         4

        CLASS   IDLOC          

        CLASS   EEDATA         

        CLASS   FARRAM         

        CLASS   HEAP           

        CLASS   STACK          



SEGMENTS        Name                           Load    Length   Top    Selector   Space  Class

                reset_vec                      000000  000004  000004         0       0  CODE    
                bssCOMRAM                      000002  00005B  00005D         2       1  COMRAM  
                intcode                        000008  0000C8  0000D0         4       0  CODE    
                bssBANK0                       000060  000006  000066        60       1  BANK0   
                smallconst                     001000  000030  001030       800       0  SMALLCON
                text31                         001030  00066E  00169E       818       0  CODE    


UNUSED ADDRESS RANGES

        Name                Unused          Largest block    Delta
        BANK0            000066-0000FF               9A
        BANK1            000100-0001FF              100
        BANK10           000A00-000AFF              100
        BANK11           000B00-000BFF              100
        BANK12           000C00-000CFF              100
        BANK13           000D00-000DFF              100
        BANK14           000E00-000EFF              100
        BANK15           000F00-000F5F               60
        BANK2            000200-0002FF              100
        BANK3            000300-0003FF              100
        BANK4            000400-0004FF              100
        BANK5            000500-0005FF              100
        BANK6            000600-0006FF              100
        BANK7            000700-0007FF              100
        BANK8            000800-0008FF              100
        BANK9            000900-0009FF              100
        BIGRAM           00005D-00005F                3
                         000066-000F5F              EFA
        BIGSFR           000F60-000FFF               A0
        CODE             000004-000007                4
                         0000D0-000FFF              F30
                         00169E-00FFFF             E962
        COMRAM           00005D-00005F                3
        CONST            000004-000007                4
                         0000D0-000FFF              F30
                         00169E-00FFFF             E962
        EEDATA           F00000-F003FF              400
        IDLOC            200000-200007                8
        MEDIUMCONST      00169E-00FFFF             E962
        RAM              000066-000F5F              100
        SFR              000F60-000FFF               A0
        SMALLCONST       00169E-00FFFF              100

                                  Symbol Table

?_RealTimeClock_DS1307_GET_DATE_TIME                cstackCOMRAM 000051
EUSART_FramingErrorCallbackRegister@callbackHandler cstackCOMRAM 000049
EUSART_LoggingDebugData_Send_String@L_str_len       cstackCOMRAM 000050
EUSART_LoggingDebugData_Send_String@String          cstackCOMRAM 00004A
EUSART_LoggingDebugData_Send_String@String_len      cstackCOMRAM 00004C
EUSART_OverrunErrorCallbackRegister@callbackHandler cstackCOMRAM 000049
EUSART_Write@txData                                 cstackCOMRAM 000049
I2C1_EVENT_ERROR@retEventState                      cstackCOMRAM 00003B
I2C1_EVENT_NACK@retEventState                       cstackCOMRAM 00003B
I2C1_EVENT_RX@retEventState                         cstackCOMRAM 00003B
I2C1_EVENT_TX@retEventState                         cstackCOMRAM 00003B
I2C1_WriteRead@address                              cstackCOMRAM 000049
I2C1_WriteRead@readData                             cstackCOMRAM 00004E
I2C1_WriteRead@readLength                           cstackCOMRAM 00004F
I2C1_WriteRead@writeData                            cstackCOMRAM 00004B
I2C1_WriteRead@writeLength                          cstackCOMRAM 00004C
INT0_SetInterruptHandler@InterruptHandler           cstackCOMRAM 000049
INT1_SetInterruptHandler@InterruptHandler           cstackCOMRAM 000049
INT2_SetInterruptHandler@InterruptHandler           cstackCOMRAM 000049
_ANSELH                                             (abs)        000F7F
_BAUDCON                                            (abs)        000FB8
_BAUDCONbits                                        (abs)        000FB8
_CLOCK_Initialize                                   text13       00165A
_DS1307_Reg                                         dataCOMRAM   000057
_EEADR                                              (abs)        000FA9
_EECON1bits                                         (abs)        000FA6
_EECON2                                             (abs)        000FA7
_EEDATA                                             (abs)        000FA8
_EUSART_DefaultFramingErrorCallback                 (abs)        000000
_EUSART_DefaultOverrunErrorCallback                 (abs)        000000
_EUSART_FramingErrorCallbackRegister                text12       00159C
_EUSART_FramingErrorHandler                         bssCOMRAM    000016
_EUSART_Initialize                                  text10       0014DA
_EUSART_IsTxReady                                   text27       00155A
_EUSART_IsTxReady$1646                              cstackCOMRAM 000049
_EUSART_LoggingDebugData_Send_String                text25       0010D0
_EUSART_OverrunErrorCallbackRegister                text11       001580
_EUSART_OverrunErrorHandler                         bssCOMRAM    000014
_EUSART_Write                                       text26       00166A
_I2C1_Callback                                      bssCOMRAM    000022
_I2C1_CallbackRegister                              (abs)        000000
_I2C1_Close                                         text43       0015D2
_I2C1_Deinitialize                                  (abs)        000000
_I2C1_ERROR_ISR                                     text32       001686
_I2C1_EVENT_ERROR                                   text36       00163C
_I2C1_EVENT_IDLE                                    text41       00168C
_I2C1_EVENT_NACK                                    text37       001646
_I2C1_EVENT_RESET                                   text34       001628
_I2C1_EVENT_RX                                      text38       0011A6
_I2C1_EVENT_SEND_RD_ADDR                            text40       001650
_I2C1_EVENT_SEND_WR_ADDR                            text39       001672
_I2C1_EVENT_STOP                                    text35       001632
_I2C1_EVENT_TX                                      text42       00120A
_I2C1_ErrorEventHandler                             text33       00125C
_I2C1_ErrorGet                                      (abs)        000000
_I2C1_EventHandler                                  text31       001030
_I2C1_Host                                          smallconst   001001
_I2C1_ISR                                           text30       001680
_I2C1_Initialize                                    text9        0015EA
_I2C1_IsBusy                                        text23       001696
_I2C1_Read                                          (abs)        000000
_I2C1_Write                                         (abs)        000000
_I2C1_WriteRead                                     text21       0012E6
_I2C1_WriteStart                                    text22       001662
_INT0_DefaultInterruptHandler                       (abs)        000000
_INT0_InterruptHandler                              bssCOMRAM    00001E
_INT0_SetInterruptHandler                           text8        00161E
_INT1_DefaultInterruptHandler                       (abs)        000000
_INT1_InterruptHandler                              bssCOMRAM    00001C
_INT1_SetInterruptHandler                           text7        001614
_INT2_DefaultInterruptHandler                       (abs)        000000
_INT2_InterruptHandler                              bssCOMRAM    00001A
_INT2_SetInterruptHandler                           text6        00160A
_INTCON2bits                                        (abs)        000FF1
_INTCON3bits                                        (abs)        000FF0
_INTCONbits                                         (abs)        000FF2
_INTERRUPT_Initialize                               text5        0014A6
_INTERRUPT_InterruptManager                         intcode      000008
_IOCB                                               (abs)        000F7D
_LATA                                               (abs)        000F89
_LATB                                               (abs)        000F8A
_LATC                                               (abs)        000F8B
_LATD                                               (abs)        000F8C
_LATE                                               (abs)        000F8D
_NVM_Callback                                       bssCOMRAM    000020
_NVM_ISR                                            text29       00169A
_NVM_Initialize                                     text3        001600
_NVM_StatusClear                                    text4        001692
_OSCCON                                             (abs)        000FD3
_OSCTUNE                                            (abs)        000F9B
_PIE1bits                                           (abs)        000F9D
_PIE2bits                                           (abs)        000FA0
_PIN_MANAGER_Initialize                             text2        001534
_PIR1bits                                           (abs)        000F9E
_PIR2bits                                           (abs)        000FA1
_PRINT_RealTimeClock_DATA                           text24       001142
_RCONbits                                           (abs)        000FD0
_RCREG                                              (abs)        000FAE
_RCSTA                                              (abs)        000FAB
_RCSTAbits                                          (abs)        000FAB
_RealTimeClock_DS1307                               bssBANK0     000060
_RealTimeClock_DS1307@RealTimeClock_DS1307$F50      bssCOMRAM    00000E
_RealTimeClock_DS1307_GET_DATE_TIME                 text14       00132A
_RealTimeClock_DS1307_GET_DAY                       text20       001470
_RealTimeClock_DS1307_GET_HOURS                     text19       00143A
_RealTimeClock_DS1307_GET_MINUTES                   text18       001404
_RealTimeClock_DS1307_GET_MONTH                     text17       0013CE
_RealTimeClock_DS1307_GET_SECONDS                   text16       001398
_RealTimeClock_DS1307_GET_YEAR                      text15       001362
_Real_Time_Clock_Frame                              bssCOMRAM    000026
_SPBRG                                              (abs)        000FAF
_SPBRGH                                             (abs)        000FB0
_SSPADD                                             (abs)        000FC8
_SSPBUF                                             (abs)        000FC9
_SSPCON1                                            (abs)        000FC6
_SSPCON1bits                                        (abs)        000FC6
_SSPCON2                                            (abs)        000FC5
_SSPCON2bits                                        (abs)        000FC5
_SSPSTAT                                            (abs)        000FC7
_SSPSTATbits                                        (abs)        000FC7
_SYSTEM_Initialize                                  text1        0015B8
_TABLAT                                             (abs)        000FF5
_TBLPTRH                                            (abs)        000FF7
_TBLPTRL                                            (abs)        000FF6
_TBLPTRU                                            (abs)        000FF8
_TRISA                                              (abs)        000F92
_TRISB                                              (abs)        000F93
_TRISC                                              (abs)        000F94
_TRISD                                              (abs)        000F95
_TRISE                                              (abs)        000F96
_TXREG                                              (abs)        000FAD
_TXSTA                                              (abs)        000FAC
_TXSTAbits                                          (abs)        000FAC
_WPUB                                               (abs)        000F7C
__HRAM                                              (abs)        000000
__H__absolute__                                     __absolute__ 000000
__Habs1                                             abs1         000000
__Hbank0                                            bank0        000000
__Hbank1                                            bank1        000000
__Hbank10                                           bank10       000000
__Hbank11                                           bank11       000000
__Hbank12                                           bank12       000000
__Hbank13                                           bank13       000000
__Hbank14                                           bank14       000000
__Hbank15                                           bank15       000000
__Hbank2                                            bank2        000000
__Hbank3                                            bank3        000000
__Hbank4                                            bank4        000000
__Hbank5                                            bank5        000000
__Hbank6                                            bank6        000000
__Hbank7                                            bank7        000000
__Hbank8                                            bank8        000000
__Hbank9                                            bank9        000000
__Hbigbss                                           bigbss       000000
__Hbigdata                                          bigdata      000000
__Hbigram                                           bigram       000000
__Hbigsfr                                           bigsfr       000000
__Hbss                                              bss          000000
__HbssBANK0                                         bssBANK0     000000
__HbssCOMRAM                                        bssCOMRAM    000000
__Hcinit                                            cinit        000000
__Hclrtext                                          clrtext      000000
__Hcomram                                           comram       000000
__Hconfig                                           config       30000E
__Hconst                                            const        000000
__HcstackCOMRAM                                     cstackCOMRAM 000000
__Hdata                                             data         000000
__HdataCOMRAM                                       dataCOMRAM   000000
__Heeprom_data                                      eeprom_data  000000
__Hfarbss                                           farbss       000000
__Hfardata                                          fardata      000000
__Hheap                                             heap         000000
__Hibigdata                                         ibigdata     000000
__Hidata                                            idata        000000
__HidataCOMRAM                                      idataCOMRAM  000000
__Hidloc                                            idloc        000000
__Hifardata                                         ifardata     000000
__Hinit                                             init         0000D0
__Hintcode                                          intcode      0000CC
__Hintcode_body                                     intcode_body 000000
__Hintcodelo                                        intcodelo    000018
__Hintentry                                         intentry     000000
__Hintret                                           intret       000000
__Hintsave_regs                                     intsave_regs 000000
__Hirdata                                           irdata       000000
__Hmediumconst                                      mediumconst  000000
__HnvFARRAM                                         nvFARRAM     000000
__Hnvbit                                            nvbit        000000
__Hnvrram                                           nvrram       000000
__Hparam                                            rparam       000000
__Hpowerup                                          powerup      000000
__Hram                                              ram          000000
__Hramtop                                           ramtop       001000
__Hrbit                                             rbit         000000
__Hrbss                                             rbss         000000
__Hrdata                                            rdata        000000
__Hreset_vec                                        reset_vec    000004
__Hrparam                                           rparam       000000
__Hsfr                                              sfr          000000
__Hsivt_hi                                          sivt_hi      000000
__Hsivt_lo                                          sivt_lo      000018
__Hsmallconst                                       smallconst   001030
__Hspace_0                                          (abs)        00169E
__Hspace_1                                          (abs)        000066
__Hspace_2                                          (abs)        000000
__Hspace_4                                          (abs)        60000E
__Hstack                                            stack        000000
__Hstruct                                           struct       000000
__Htemp                                             temp         000000
__Htext                                             text         000000
__Htext0                                            text0        000000
__Htext1                                            text1        000000
__Htext10                                           text10       000000
__Htext11                                           text11       000000
__Htext12                                           text12       000000
__Htext13                                           text13       000000
__Htext14                                           text14       000000
__Htext15                                           text15       000000
__Htext16                                           text16       000000
__Htext17                                           text17       000000
__Htext18                                           text18       000000
__Htext19                                           text19       000000
__Htext2                                            text2        000000
__Htext20                                           text20       000000
__Htext21                                           text21       000000
__Htext22                                           text22       000000
__Htext23                                           text23       000000
__Htext24                                           text24       000000
__Htext25                                           text25       000000
__Htext26                                           text26       000000
__Htext27                                           text27       000000
__Htext29                                           text29       000000
__Htext3                                            text3        000000
__Htext30                                           text30       000000
__Htext31                                           text31       000000
__Htext32                                           text32       000000
__Htext33                                           text33       000000
__Htext34                                           text34       000000
__Htext35                                           text35       000000
__Htext36                                           text36       000000
__Htext37                                           text37       000000
__Htext38                                           text38       000000
__Htext39                                           text39       000000
__Htext4                                            text4        000000
__Htext40                                           text40       000000
__Htext41                                           text41       000000
__Htext42                                           text42       000000
__Htext43                                           text43       000000
__Htext5                                            text5        000000
__Htext6                                            text6        000000
__Htext7                                            text7        000000
__Htext8                                            text8        000000
__Htext9                                            text9        000000
__LRAM                                              (abs)        000001
__L__absolute__                                     __absolute__ 000000
__Labs1                                             abs1         000000
__Lbank0                                            bank0        000000
__Lbank1                                            bank1        000000
__Lbank10                                           bank10       000000
__Lbank11                                           bank11       000000
__Lbank12                                           bank12       000000
__Lbank13                                           bank13       000000
__Lbank14                                           bank14       000000
__Lbank15                                           bank15       000000
__Lbank2                                            bank2        000000
__Lbank3                                            bank3        000000
__Lbank4                                            bank4        000000
__Lbank5                                            bank5        000000
__Lbank6                                            bank6        000000
__Lbank7                                            bank7        000000
__Lbank8                                            bank8        000000
__Lbank9                                            bank9        000000
__Lbigbss                                           bigbss       000000
__Lbigdata                                          bigdata      000000
__Lbigram                                           bigram       000000
__Lbigsfr                                           bigsfr       000000
__Lbss                                              bss          000000
__LbssBANK0                                         bssBANK0     000000
__LbssCOMRAM                                        bssCOMRAM    000000
__Lcinit                                            cinit        000000
__Lclrtext                                          clrtext      000000
__Lcomram                                           comram       000000
__Lconfig                                           config       000000
__Lconst                                            const        000000
__LcstackCOMRAM                                     cstackCOMRAM 000000
__Ldata                                             data         000000
__LdataCOMRAM                                       dataCOMRAM   000000
__Leeprom_data                                      eeprom_data  000000
__Lfarbss                                           farbss       000000
__Lfardata                                          fardata      000000
__Lheap                                             heap         000000
__Libigdata                                         ibigdata     000000
__Lidata                                            idata        000000
__LidataCOMRAM                                      idataCOMRAM  000000
__Lidloc                                            idloc        000000
__Lifardata                                         ifardata     000000
__Linit                                             init         0000CC
__Lintcode                                          intcode      000008
__Lintcode_body                                     intcode_body 000000
__Lintcodelo                                        intcodelo    000018
__Lintentry                                         intentry     000000
__Lintret                                           intret       000000
__Lintsave_regs                                     intsave_regs 000000
__Lirdata                                           irdata       000000
__Lmediumconst                                      mediumconst  000000
__LnvFARRAM                                         nvFARRAM     000000
__Lnvbit                                            nvbit        000000
__Lnvrram                                           nvrram       000000
__Lparam                                            rparam       000000
__Lpowerup                                          powerup      000000
__Lram                                              ram          000000
__Lramtop                                           ramtop       001000
__Lrbit                                             rbit         000000
__Lrbss                                             rbss         000000
__Lrdata                                            rdata        000000
__Lreset_vec                                        reset_vec    000000
__Lrparam                                           rparam       000000
__Lsfr                                              sfr          000000
__Lsivt_hi                                          sivt_hi      000000
__Lsivt_lo                                          sivt_lo      000018
__Lsmallconst                                       smallconst   001000
__Lspace_0                                          (abs)        000000
__Lspace_1                                          (abs)        000000
__Lspace_2                                          (abs)        000000
__Lspace_4                                          (abs)        000000
__Lstack                                            stack        000000
__Lstruct                                           struct       000000
__Ltemp                                             temp         000000
__Ltext                                             text         000000
__Ltext0                                            text0        000000
__Ltext1                                            text1        000000
__Ltext10                                           text10       000000
__Ltext11                                           text11       000000
__Ltext12                                           text12       000000
__Ltext13                                           text13       000000
__Ltext14                                           text14       000000
__Ltext15                                           text15       000000
__Ltext16                                           text16       000000
__Ltext17                                           text17       000000
__Ltext18                                           text18       000000
__Ltext19                                           text19       000000
__Ltext2                                            text2        000000
__Ltext20                                           text20       000000
__Ltext21                                           text21       000000
__Ltext22                                           text22       000000
__Ltext23                                           text23       000000
__Ltext24                                           text24       000000
__Ltext25                                           text25       000000
__Ltext26                                           text26       000000
__Ltext27                                           text27       000000
__Ltext29                                           text29       000000
__Ltext3                                            text3        000000
__Ltext30                                           text30       000000
__Ltext31                                           text31       000000
__Ltext32                                           text32       000000
__Ltext33                                           text33       000000
__Ltext34                                           text34       000000
__Ltext35                                           text35       000000
__Ltext36                                           text36       000000
__Ltext37                                           text37       000000
__Ltext38                                           text38       000000
__Ltext39                                           text39       000000
__Ltext4                                            text4        000000
__Ltext40                                           text40       000000
__Ltext41                                           text41       000000
__Ltext42                                           text42       000000
__Ltext43                                           text43       000000
__Ltext5                                            text5        000000
__Ltext6                                            text6        000000
__Ltext7                                            text7        000000
__Ltext8                                            text8        000000
__Ltext9                                            text9        000000
__S0                                                (abs)        00169E
__S1                                                (abs)        000066
__S4                                                (abs)        000000
__S5                                                (abs)        000000
___heap_hi                                          (abs)        000000
___heap_lo                                          (abs)        000000
___inthi_sp                                         stack        000000
___inthi_stack_hi                                   stack        000000
___inthi_stack_lo                                   stack        000000
___intlo_sp                                         stack        000000
___intlo_stack_hi                                   stack        000000
___intlo_stack_lo                                   stack        000000
___param_bank                                       (abs)        000000
___rparam_used                                      (abs)        000001
___sp                                               stack        000000
___stack_hi                                         stack        000000
___stack_lo                                         stack        000000
__accesstop                                         (abs)        000060
__activetblptr                                      (abs)        000003
__end_of_CLOCK_Initialize                           text13       001662
__end_of_EUSART_FramingErrorCallbackRegister        text12       0015B8
__end_of_EUSART_Initialize                          text10       00150E
__end_of_EUSART_IsTxReady                           text27       001580
__end_of_EUSART_LoggingDebugData_Send_String        text25       001142
__end_of_EUSART_OverrunErrorCallbackRegister        text11       00159C
__end_of_EUSART_Write                               text26       001672
__end_of_I2C1_Close                                 text43       0015EA
__end_of_I2C1_ERROR_ISR                             text32       00168C
__end_of_I2C1_EVENT_ERROR                           text36       001646
__end_of_I2C1_EVENT_IDLE                            text41       001692
__end_of_I2C1_EVENT_NACK                            text37       001650
__end_of_I2C1_EVENT_RESET                           text34       001632
__end_of_I2C1_EVENT_RX                              text38       00120A
__end_of_I2C1_EVENT_SEND_RD_ADDR                    text40       00165A
__end_of_I2C1_EVENT_SEND_WR_ADDR                    text39       00167A
__end_of_I2C1_EVENT_STOP                            text35       00163C
__end_of_I2C1_EVENT_TX                              text42       00125C
__end_of_I2C1_ErrorEventHandler                     text33       0012A2
__end_of_I2C1_EventHandler                          text31       0010D0
__end_of_I2C1_Host                                  smallconst   001015
__end_of_I2C1_ISR                                   text30       001686
__end_of_I2C1_Initialize                            text9        001600
__end_of_I2C1_IsBusy                                text23       00169A
__end_of_I2C1_WriteRead                             text21       00132A
__end_of_I2C1_WriteStart                            text22       00166A
__end_of_INT0_SetInterruptHandler                   text8        001628
__end_of_INT1_SetInterruptHandler                   text7        00161E
__end_of_INT2_SetInterruptHandler                   text6        001614
__end_of_INTERRUPT_Initialize                       text5        0014DA
__end_of_INTERRUPT_InterruptManager                 intcode      0000CC
__end_of_NVM_ISR                                    text29       00169E
__end_of_NVM_Initialize                             text3        00160A
__end_of_NVM_StatusClear                            text4        001696
__end_of_PIN_MANAGER_Initialize                     text2        00155A
__end_of_PRINT_RealTimeClock_DATA                   text24       0011A6
__end_of_RealTimeClock_DS1307_GET_DATE_TIME         text14       001362
__end_of_RealTimeClock_DS1307_GET_DAY               text20       0014A6
__end_of_RealTimeClock_DS1307_GET_HOURS             text19       001470
__end_of_RealTimeClock_DS1307_GET_MINUTES           text18       00143A
__end_of_RealTimeClock_DS1307_GET_MONTH             text17       001404
__end_of_RealTimeClock_DS1307_GET_SECONDS           text16       0013CE
__end_of_RealTimeClock_DS1307_GET_YEAR              text15       001398
__end_of_SYSTEM_Initialize                          text1        0015D2
__end_of__initialization                            cinit        0012DC
__end_of_i2c1_eventTable                            smallconst   001027
__end_of_main                                       text0        001534
__initialization                                    cinit        0012A2
__mediumconst                                       smallconst   001000
__pbssBANK0                                         bssBANK0     000060
__pbssCOMRAM                                        bssCOMRAM    000002
__pcinit                                            cinit        0012A2
__pcstackCOMRAM                                     cstackCOMRAM 00003B
__pdataCOMRAM                                       dataCOMRAM   000057
__pidataCOMRAM                                      idataCOMRAM  00167A
__pintcode                                          intcode      000008
__psmallconst                                       smallconst   001000
__ptext0                                            text0        00150E
__ptext1                                            text1        0015B8
__ptext10                                           text10       0014DA
__ptext11                                           text11       001580
__ptext12                                           text12       00159C
__ptext13                                           text13       00165A
__ptext14                                           text14       00132A
__ptext15                                           text15       001362
__ptext16                                           text16       001398
__ptext17                                           text17       0013CE
__ptext18                                           text18       001404
__ptext19                                           text19       00143A
__ptext2                                            text2        001534
__ptext20                                           text20       001470
__ptext21                                           text21       0012E6
__ptext22                                           text22       001662
__ptext23                                           text23       001696
__ptext24                                           text24       001142
__ptext25                                           text25       0010D0
__ptext26                                           text26       00166A
__ptext27                                           text27       00155A
__ptext29                                           text29       00169A
__ptext3                                            text3        001600
__ptext30                                           text30       001680
__ptext31                                           text31       001030
__ptext32                                           text32       001686
__ptext33                                           text33       00125C
__ptext34                                           text34       001628
__ptext35                                           text35       001632
__ptext36                                           text36       00163C
__ptext37                                           text37       001646
__ptext38                                           text38       0011A6
__ptext39                                           text39       001672
__ptext4                                            text4        001692
__ptext40                                           text40       001650
__ptext41                                           text41       00168C
__ptext42                                           text42       00120A
__ptext43                                           text43       0015D2
__ptext5                                            text5        0014A6
__ptext6                                            text6        00160A
__ptext7                                            text7        001614
__ptext8                                            text8        00161E
__ptext9                                            text9        0015EA
__ramtop                                            ramtop       001000
__smallconst                                        smallconst   001000
_eusartRxLastError                                  bssCOMRAM    000018
_i2c1Status                                         bssCOMRAM    000002
_i2c1_eventTable                                    smallconst   001015
_main                                               text0        00150E
_ret_day                                            bssCOMRAM    000037
_ret_hours                                          bssCOMRAM    000038
_ret_minutes                                        bssCOMRAM    000039
_ret_month                                          bssCOMRAM    000036
_ret_seconds                                        bssCOMRAM    00003A
_ret_year                                           bssCOMRAM    000035
_unlockKeyHigh                                      bssCOMRAM    000024
_unlockKeyLow                                       bssCOMRAM    000025
btemp                                               (abs)        000001
btemp0                                              (abs)        000001
btemp1                                              (abs)        000002
end_of_initialization                               cinit        0012DC
int$flags                                           (abs)        000001
intlevel0                                           text         000000
intlevel1                                           text         000000
intlevel2                                           text         000000
intlevel3                                           text         000000
isa$std                                             (abs)        000001
isa$xinst                                           (abs)        000000
stackhi                                             (abs)        000000
stacklo                                             (abs)        000000
start                                               init         0000CC
start_initialization                                cinit        0012A2


MODULE INFORMATION

Module		Function		Class		Link	Load	Size
HAL_LAYER/EUSART_LoggingDebugData/EUSART_LoggingDebugData.c
		_EUSART_LoggingDebugData_Send_String		CODE           	10D0	0000	114

HAL_LAYER/EUSART_LoggingDebugData/EUSART_LoggingDebugData.c estimated size: 114

mcc_generated_files/system/src/interrupt.c
		_INT0_SetInterruptHandler		CODE           	161E	0000	10
		_INT1_SetInterruptHandler		CODE           	1614	0000	10
		_INT2_SetInterruptHandler		CODE           	160A	0000	10
		_INTERRUPT_Initialize		CODE           	14A6	0000	52
		_INTERRUPT_InterruptManager		CODE           	0008	0000	196

mcc_generated_files/system/src/interrupt.c estimated size: 278

mcc_generated_files/nvm/src/nvm.c
		_NVM_Initialize		CODE           	1600	0000	10
		_NVM_StatusClear		CODE           	1692	0000	4
		_NVM_ISR       		CODE           	169A	0000	4

mcc_generated_files/nvm/src/nvm.c estimated size: 18

mcc_generated_files/system/src/pins.c
		_PIN_MANAGER_Initialize		CODE           	1534	0000	38

mcc_generated_files/system/src/pins.c estimated size: 38

shared
		__initialization		CODE           	12A2	0000	58
		_I2C1_Host     		SMALLCONST     	1001	0000	20
		_i2c1_eventTable		SMALLCONST     	1015	0000	18

shared estimated size: 96

mcc_generated_files/uart/src/eusart.c
		_EUSART_FramingErrorCallbackRegister		CODE           	159C	0000	28
		_EUSART_OverrunErrorCallbackRegister		CODE           	1580	0000	28
		_EUSART_Write  		CODE           	166A	0000	8
		_EUSART_IsTxReady		CODE           	155A	0000	38
		_EUSART_Initialize		CODE           	14DA	0000	52

mcc_generated_files/uart/src/eusart.c estimated size: 154

mcc_generated_files/system/src/clock.c
		_CLOCK_Initialize		CODE           	165A	0000	8

mcc_generated_files/system/src/clock.c estimated size: 8

HAL_LAYER/RealTimeClock_DS1307/RealTimeClock_DS1307.c
		_PRINT_RealTimeClock_DATA		CODE           	1142	0000	100
		_RealTimeClock_DS1307_GET_SECONDS		CODE           	1398	0000	54
		_RealTimeClock_DS1307_GET_MINUTES		CODE           	1404	0000	54
		_RealTimeClock_DS1307_GET_DAY		CODE           	1470	0000	54
		_RealTimeClock_DS1307_GET_YEAR		CODE           	1362	0000	54
		_RealTimeClock_DS1307_GET_DATE_TIME		CODE           	132A	0000	56
		_RealTimeClock_DS1307_GET_MONTH		CODE           	13CE	0000	54
		_RealTimeClock_DS1307_GET_HOURS		CODE           	143A	0000	54

HAL_LAYER/RealTimeClock_DS1307/RealTimeClock_DS1307.c estimated size: 480

mcc_generated_files/i2c_host/src/mssp.c
		_I2C1_EVENT_SEND_WR_ADDR		CODE           	1672	0000	8
		_I2C1_ErrorEventHandler		CODE           	125C	0000	70
		_I2C1_EVENT_RESET		CODE           	1628	0000	10
		_I2C1_EVENT_ERROR		CODE           	163C	0000	10
		_I2C1_WriteStart		CODE           	1662	0000	8
		_I2C1_EVENT_RX 		CODE           	11A6	0000	100
		_I2C1_EVENT_TX 		CODE           	120A	0000	82
		_I2C1_ISR      		CODE           	1680	0000	6
		_I2C1_EventHandler		CODE           	1030	0000	160
		_I2C1_IsBusy   		CODE           	1696	0000	4
		_I2C1_EVENT_IDLE		CODE           	168C	0000	6
		_I2C1_EVENT_NACK		CODE           	1646	0000	10
		_I2C1_EVENT_SEND_RD_ADDR		CODE           	1650	0000	10
		_I2C1_EVENT_STOP		CODE           	1632	0000	10
		_I2C1_Initialize		CODE           	15EA	0000	22
		_I2C1_Close    		CODE           	15D2	0000	24
		_I2C1_ERROR_ISR		CODE           	1686	0000	6
		_I2C1_WriteRead		CODE           	12E6	0000	68

mcc_generated_files/i2c_host/src/mssp.c estimated size: 614

main.c
		_main          		CODE           	150E	0000	38

main.c estimated size: 38

mcc_generated_files/system/src/system.c
		_SYSTEM_Initialize		CODE           	15B8	0000	26

mcc_generated_files/system/src/system.c estimated size: 26

